<!doctype html>
<html>
<head lang="en">
    <meta charset="utf-8">
    <title>Test nunjucks project</title>
</head>
<body>
    <h1>Test nunjucks project</h1>
    <h2>PETER SMITH</h2>
    <h3>JANE CORTWEL</h3>
</body>
</html>
