<!DOCTYPE html>
<html lang="en-US">
  <head>
    <meta charset="utf-8">
    <title>Example Site | Page Title</title>
    <meta name="description" content="Some Awesome Description" />
  </head>
  <body>
<h1 id="lorem-ipsum">Lorem ipsum</h1>
<p>Lorem ipsum dolor sit amet, consectetur adipisicing elit, sed do eiusmod tempor incididunt ut labore et dolore magna aliqua. Ut enim ad minim veniam, quis nostrud exercitation ullamco laboris nisi ut aliquip ex ea</p>
<blockquote>
<p>commodo consequat. Duis aute irure dolor in reprehenderit in voluptate velit esse cillum dolore eu</p>
</blockquote>
<p>fugiat nulla pariatur. Excepteur sint occaecat cupidatat non proident, sunt in culpa qui officia deserunt mollit anim id est laborum.</p>


  </body>
</html>
