<!DOCTYPE html>
<html lang="en-US">
  <head>
    <meta charset="utf-8">
    <title>Example Site | Page Title</title>
    <meta name="description" content="Some Awesome Description" />
  </head>
  <body>

    <div class="red">
    </div>

    <div class="green">
    </div>

    <div class="blue">
    </div>



  </body>
</html>
