<!doctype html>
<html>
<head lang="en">
    <meta charset="utf-8">
    <title>Overridden title</title>
</head>
<body>
    <h1>Hello world</h1>
</body>
</html>